// Jest Snapshot v1, https://goo.gl/fbAQLP

exports[`testing fillerComponent... 1`] = `<fillerComponent />`;
