// Jest Snapshot v1, https://goo.gl/fbAQLP

exports[`renders correctly 1`] = `
<View
  style={
    Object {
      "borderBottomColor": "white",
      "borderBottomWidth": 1,
      "marginTop": "2,5%",
      "width": "100%",
    }
  }
/>
`;
