// Jest Snapshot v1, https://goo.gl/fbAQLP

exports[`test if mDisplay renders 1`] = `
<View
  style={
    Object {
      "backgroundColor": "lightblue",
      "borderRightColor": "#f4f984",
      "borderRightWidth": 0.5,
      "flex": 0.25,
      "margin": "5%",
      "padding": "5%",
    }
  }
>
  <RCTScrollView
    data={
      Array [
        "Hey",
        "this",
        "is",
        "a",
        "test",
      ]
    }
    disableVirtualization={false}
    getItem={[Function]}
    getItemCount={[Function]}
    horizontal={false}
    initialNumToRender={10}
    keyExtractor={[Function]}
    maxToRenderPerBatch={10}
    numColumns={1}
    onContentSizeChange={[Function]}
    onEndReachedThreshold={2}
    onLayout={[Function]}
    onMomentumScrollEnd={[Function]}
    onScroll={[Function]}
    onScrollBeginDrag={[Function]}
    onScrollEndDrag={[Function]}
    renderItem={[Function]}
    scrollEventThrottle={50}
    stickyHeaderIndices={Array []}
    updateCellsBatchingPeriod={50}
    viewabilityConfigCallbackPairs={Array []}
    windowSize={21}
  >
    <View>
      <View
        onLayout={[Function]}
        style={null}
      >
        <Text />
      </View>
      <View
        onLayout={[Function]}
        style={null}
      >
        <Text />
      </View>
      <View
        onLayout={[Function]}
        style={null}
      >
        <Text />
      </View>
      <View
        onLayout={[Function]}
        style={null}
      >
        <Text />
      </View>
      <View
        onLayout={[Function]}
        style={null}
      >
        <Text />
      </View>
    </View>
  </RCTScrollView>
</View>
`;
